// Jest Snapshot v1, https://goo.gl/fbAQLP

exports[`Header should renders without crashing  1`] = `
<DocumentFragment>
  <nav
    class="body-padding"
  >
    <div>
      <h1>
        The Artifact
      </h1>
      <p>
        <em>
          Culture & Art blog
        </em>
      </p>
    </div>
    <ul>
      <li>
        <a
          href="/blog"
        >
          Blog
        </a>
      </li>
      <li>
        <a
          href="/about"
        >
          About
        </a>
      </li>
      <li>
        <a
          href="/contact"
        >
          Contact
        </a>
      </li>
    </ul>
  </nav>
</DocumentFragment>
`;
