// Jest Snapshot v1, https://goo.gl/fbAQLP

exports[`App should renders without crashing  1`] = `
<DocumentFragment>
  <div
    class="App"
  >
    <div
      class="App"
    >
      <header>
        <nav
          class="body-padding"
        >
          <div>
            <h1>
              The Artifact
            </h1>
            <p>
              <em>
                Culture & Art blog
              </em>
            </p>
          </div>
          <ul>
            <li>
              <a
                href="/blog"
              >
                Blog
              </a>
            </li>
            <li>
              <a
                href="/about"
              >
                About
              </a>
            </li>
            <li>
              <a
                href="/contact"
              >
                Contact
              </a>
            </li>
          </ul>
        </nav>
      </header>
      <div
        class="body-padding home-page"
      >
        <div
          class="loading-screen"
        >
          Loading!!!
        </div>
      </div>
      <footer>
        <div
          class="body-padding footer"
        >
          Â© Sneha Trivedi 2023
        </div>
      </footer>
    </div>
  </div>
</DocumentFragment>
`;
