// Jest Snapshot v1, https://goo.gl/fbAQLP

exports[`Footer should renders without crashing  1`] = `
<DocumentFragment>
  <div
    class="body-padding footer"
  >
    Â© Sneha Trivedi 2023
  </div>
</DocumentFragment>
`;
